// Vitest Snapshot v1

exports[`codegen > element + text + interpolation 1`] = `
"const { toDisplayString:_toDisplayString,createElementVNode:_createElementVNode } = Vue;
return function render(_ctx, cache){return _createElementVNode('div',null,'hi,'+_toDisplayString(_ctx.message))}"
`;

exports[`codegen > element 1`] = `
"const { createElementVNode:_createElementVNode } = Vue;
return function render(_ctx, cache){return _createElementVNode('div',null,null)}"
`;

exports[`codegen > happy path 1`] = `"return function render(_ctx, cache){return 'hi'}"`;

exports[`codegen > interpolation 1`] = `
"const { toDisplayString:_toDisplayString } = Vue;
return function render(_ctx, cache){return _toDisplayString(_ctx.message)}"
`;
